C51 COMPILER V9.60.0.0   MAIN                                                              11/11/2019 23:33:24 PAGE 1   


C51 COMPILER V9.60.0.0, COMPILATION OF MODULE MAIN
OBJECT MODULE PLACED IN .\Objects\main.obj
COMPILER INVOKED BY: C:\Tools\MDK_C51\C51\BIN\C51.EXE main.c OPTIMIZE(8,SPEED) BROWSE DEBUG OBJECTEXTEND PRINT(.\Listing
                    -s\main.lst) TABS(2) OBJECT(.\Objects\main.obj)

line level    source

   1          #include <reg51.h>
   2          
   3          sbit location1=P2^0;
   4          sbit location2=P2^1;
   5          sbit location3=P2^2;
   6          sbit location4=P2^3;
   7          
   8          enum
   9          {
  10            L1=1,
  11            L2=2,
  12            L3=3,
  13            L4=4
  14          };
  15          
  16          unsigned char count=0;
  17          unsigned char count_flag=1;
  18          
  19          int clock_num_sec=0;
  20          int clock_num_min=0;
  21          
  22          unsigned char num1=0;//千位
  23          unsigned char num2=0;//百位
  24          unsigned char num3=0;//十位
  25          unsigned char num4=0;//个位
  26          
  27          char num_tab[10]={0x3f,0x06,0x5b,0x4f,0x66,0x6d,0x7d,0x07,0x7f,0x6f};
  28          
  29          void Dispaly(unsigned char location,unsigned char num,unsigned char dp);
  30          void Device_Init();
  31          void Delay(int i);
  32          
  33          void main()
  34          {
  35   1        Device_Init();
  36   1        while(1)
  37   1        {
  38   2          num4=clock_num_min/10;
  39   2          num3=clock_num_min%10;
  40   2          
  41   2          num2=clock_num_sec/10;
  42   2          num1=clock_num_sec%10;
  43   2          
  44   2          Dispaly(L1,num4,0);
  45   2          Dispaly(L2,num3,0);
  46   2          Dispaly(L3,num2,0);
  47   2          Dispaly(L4,num1,0);   
  48   2      
  49   2        }
  50   1      
  51   1      
  52   1      }
  53          
  54          void Dispaly(unsigned char location,unsigned char num,unsigned char dp)
C51 COMPILER V9.60.0.0   MAIN                                                              11/11/2019 23:33:24 PAGE 2   

  55          {
  56   1        if(location==L1)
  57   1        {
  58   2          location1=0;
  59   2          location2=1;
  60   2          location3=1;
  61   2          location4=1;
  62   2          
  63   2          if(dp)
  64   2            P0=num_tab[num]|0x80;
  65   2          else
  66   2            P0=num_tab[num];
  67   2          
  68   2          Delay(100);
  69   2          P0=0x00;  //消隐
  70   2        }
  71   1        else if(location==L2)
  72   1        {
  73   2          location1=1;
  74   2          location2=0;
  75   2          location3=1;
  76   2          location4=1;
  77   2          
  78   2          if(dp)
  79   2            P0=num_tab[num]|0x80;
  80   2          else
  81   2            P0=num_tab[num];
  82   2          
  83   2          Delay(100);
  84   2          P0=0x00;  //消隐
  85   2        }
  86   1        else if(location==L3)
  87   1        {
  88   2          location1=1;
  89   2          location2=1;
  90   2          location3=0;
  91   2          location4=1;
  92   2          
  93   2          if(dp)
  94   2            P0=num_tab[num]|0x80;
  95   2          else
  96   2            P0=num_tab[num];
  97   2          
  98   2          Delay(100);
  99   2          P0=0x00;  //消隐
 100   2        }
 101   1        else if(location==L4)
 102   1        {
 103   2          location1=1;
 104   2          location2=1;
 105   2          location3=1;
 106   2          location4=0;
 107   2          
 108   2          if(dp)
 109   2            P0=num_tab[num]|0x80;
 110   2          else
 111   2            P0=num_tab[num];
 112   2          
 113   2          Delay(100);
 114   2          P0=0x00;  //消隐
 115   2        }
 116   1      
C51 COMPILER V9.60.0.0   MAIN                                                              11/11/2019 23:33:24 PAGE 3   

 117   1      }
 118          
 119          void Device_Init()
 120          {
 121   1        P0=0x00;
 122   1        
 123   1        location1=0;
 124   1        location2=0;
 125   1        location3=0;
 126   1        location4=0;
 127   1        
 128   1        TMOD=0x10;
 129   1        ET1=1;
 130   1        TH1=(65535-50000)/256;
 131   1        TL1=(65535-50000)%256;  //50ms
 132   1        
 133   1        IT0=1;
 134   1        EX0=1;
 135   1        PX0=1;
 136   1        
 137   1        IT1=1;
 138   1        EX1=1;
 139   1        PX1=1;
 140   1        
 141   1        EA=1;
 142   1        TR1=1;
 143   1      
 144   1        
 145   1      
 146   1        
 147   1        
 148   1      }
 149          
 150          void Timer1_Int() interrupt 3
 151          {
 152   1        TH1=(65535-50000)/256;
 153   1        TL1=(65535-50000)%256;  //50ms
 154   1        if(count_flag)
 155   1        {
 156   2          count++;
 157   2          if(count>20)
 158   2          {
 159   3            count=0;
 160   3            
 161   3            clock_num_sec++;
 162   3            if(clock_num_sec>60)
 163   3            {
 164   4              clock_num_min++;
 165   4              clock_num_sec=0;
 166   4            }
 167   3              
 168   3            if(clock_num_min>99)
 169   3            {
 170   4              clock_num_sec=0;
 171   4              clock_num_min=0;
 172   4            }
 173   3      
 174   3              
 175   3            
 176   3          }
 177   2        }
 178   1      
C51 COMPILER V9.60.0.0   MAIN                                                              11/11/2019 23:33:24 PAGE 4   

 179   1      }
 180          
 181          void Delay(int i)
 182          {
 183   1        while(i--);       
 184   1      }
 185          
 186          void Stop_Int() interrupt 0
 187          {
 188   1        count_flag=!count_flag;
 189   1      }
 190          
 191          void Rst_Int() interrupt 2
 192          {
 193   1        clock_num_sec=0;
 194   1        clock_num_min=0;
 195   1      }
 196          


MODULE INFORMATION:   STATIC OVERLAYABLE
   CODE SIZE        =    452    ----
   CONSTANT SIZE    =   ----    ----
   XDATA SIZE       =   ----    ----
   PDATA SIZE       =   ----    ----
   DATA SIZE        =     20       3
   IDATA SIZE       =   ----    ----
   BIT SIZE         =   ----    ----
END OF MODULE INFORMATION.


C51 COMPILATION COMPLETE.  0 WARNING(S),  0 ERROR(S)
